account_archive -> AccountDetail
account_bulk_archive -> BulkResult
account_bulk_delete -> BulkResult
account_bulk_tag -> BulkResult
account_create -> AccountDetail
account_delete -> null
account_dismiss_notes_suggestions -> AccountDetail
account_duplicate_as_template -> AccountDetail
account_get -> AccountDetail
account_list -> AccountSummary[]
account_mark_verified -> AccountDetail
account_open_url -> null
account_set_favorite -> AccountDetail
account_unarchive -> AccountDetail
account_update -> AccountDetail
account_url_target -> UrlTarget
app_info -> AppInfo
backup_create -> BackupSummary
backup_pick_file -> { path: string, fileName: string, createdAt: string, sizeBytes: number, } | null
backup_restore_to -> RestoredVault
backup_set_destination -> BackupStatus
backup_status -> BackupStatus
backup_verify -> BackupSummary
capture_apply -> SessionConfig
capture_policy_set -> SessionConfig
clipboard_cancel_clear -> boolean
clipboard_clear_now -> boolean
clipboard_copy_plain -> ClipboardCopy
clipboard_copy_secret -> ClipboardCopy
contact_point_list -> ContactPointView[]
dashboard_summary -> DashboardSummary
game_create -> GameView
game_list -> GameView[]
game_profile_create -> GameProfileView
game_profile_delete -> null
game_profile_list -> GameProfileView[]
game_profile_update -> GameProfileView
game_update -> GameView
generate_passphrase -> Generated
generate_password -> Generated
graph_overview -> Graph
graph_prospect_set_dismissed -> null
graph_query -> Graph
health_issues -> HealthIssue[]
health_summary -> HealthSummary
hide_emails_set -> SessionConfig
identity_archive -> IdentityDetail
identity_assign_accounts -> number
identity_create -> IdentityDetail
identity_delete -> null
identity_get -> IdentityDetail
identity_list -> IdentitySummary[]
identity_overview -> IdentityOverview
identity_refs -> IdentityRef[]
identity_unarchive -> IdentityDetail
identity_update -> IdentityDetail
logs_folder -> string | null
logs_open -> null
mfa_delete -> AccountDetail
mfa_mark_code_used -> AccountDetail
mfa_set_backup_codes -> AccountDetail
mfa_upsert -> AccountDetail
platform_create -> PlatformView
platform_list -> PlatformView[]
platform_update -> PlatformView
purpose_create -> PurposeView
purpose_delete -> null
purpose_list -> PurposeView[]
purpose_reorder -> PurposeView[]
purpose_set_hidden -> PurposeView
purpose_update -> PurposeView
quick_unlock_enable -> QuickUnlockStatus
quick_unlock_enable_now -> QuickUnlockStatus
quick_unlock_forget -> QuickUnlockStatus
quick_unlock_offer -> boolean
quick_unlock_offer_dismiss -> void
quick_unlock_status -> QuickUnlockStatus
quick_unlock_unlock -> VaultInfo
recent_vaults_forget -> RecentVault[]
recent_vaults_list -> RecentVault[]
saved_view_create -> SavedView
saved_view_delete -> null
saved_view_list -> SavedView[]
saved_view_update -> SavedView
search -> SearchHit[]
search_rebuild_index -> number
secret_reveal -> RevealedSecret
session_config_get -> SessionConfig
session_take_lock_notice -> { reason: "manual" } | { reason: "idle"; afterSecs: number } | { reason: "sessionLocked" } | { reason: "signedOut" } | { reason: "disconnected" } | { reason: "sleep" } | { reason: "minimized" } | null
session_touch -> boolean
settings_get -> VaultSettings
settings_update -> SessionConfig
strength_estimate -> StrengthEstimate
tag_list -> string[]
totp_current_code -> TotpCodeView
tray_set -> SessionConfig
vault_change_password -> VaultInfo
vault_create -> VaultInfo
vault_create_demo -> VaultInfo
vault_integrity_check -> IntegrityReport
vault_kdf_calibrate -> KdfParams
vault_kdf_check -> KdfCheck
vault_location_check -> LocationCheck
vault_lock -> boolean
vault_pick_folder -> string | null
vault_profile_update -> VaultInfo
vault_status -> VaultStatus
vault_strengthen_kdf -> VaultInfo
vault_unlock -> VaultInfo
